Component: ARM Compiler 5.06 update 5 (build 528) Tool: armlink [4d35e2]

==============================================================================

Section Cross References

    main.o(.text) refers to _printf_percent.o(.ARM.Collect$$_printf_percent$$00000000) for _printf_percent
    main.o(.text) refers to _printf_f.o(.ARM.Collect$$_printf_percent$$00000003) for _printf_f
    main.o(.text) refers to printf1.o(x$fpl$printf1) for _printf_fp_dec
    main.o(.text) refers to arm_rms_f32.o(.text) for arm_rms_f32
    main.o(.text) refers to arm_min_f32.o(.text) for arm_min_f32
    main.o(.text) refers to arm_max_f32.o(.text) for arm_max_f32
    main.o(.text) refers to f2d.o(x$fpl$f2d) for __aeabi_f2d
    main.o(.text) refers to sqrt_full.o(i.__hardfp_sqrt) for __hardfp_sqrt
    main.o(.text) refers to d2f_clz.o(x$fpl$d2f) for __aeabi_d2f
    main.o(.text) refers to rt_memcpy_w.o(.text) for __aeabi_memcpy4
    main.o(.text) refers to sys_time.o(.text) for time
    main.o(.text) refers to rand.o(.text) for srand
    main.o(.text) refers to noretval__2printf.o(.text) for __2printf
    main.o(.text) refers to assembly.o(text) for Example_asm
    main.o(.text) refers to h1_alloc.o(.text) for malloc
    main.o(.text) refers to rand.o(.emb_text) for rand
    main.o(.text) refers to h1_free.o(.text) for free
    main.o(.text) refers to main.o(.constdata) for .constdata
    main.o(.text) refers to main.o(.data) for count
    main.o(.text) refers to main.o(.bss) for x
    main.o(.text) refers to main.o(.conststring) for .conststring
    startup_stm32f407xx.o(STACK) refers (Special) to heapauxi.o(.text) for __use_two_region_memory
    startup_stm32f407xx.o(HEAP) refers (Special) to heapauxi.o(.text) for __use_two_region_memory
    startup_stm32f407xx.o(RESET) refers (Special) to heapauxi.o(.text) for __use_two_region_memory
    startup_stm32f407xx.o(RESET) refers to startup_stm32f407xx.o(STACK) for __initial_sp
    startup_stm32f407xx.o(RESET) refers to startup_stm32f407xx.o(.text) for Reset_Handler
    startup_stm32f407xx.o(.text) refers (Special) to heapauxi.o(.text) for __use_two_region_memory
    startup_stm32f407xx.o(.text) refers to system_stm32f4xx.o(.text) for SystemInit
    startup_stm32f407xx.o(.text) refers to __main.o(!!!main) for __main
    startup_stm32f407xx.o(.text) refers to startup_stm32f407xx.o(HEAP) for Heap_Mem
    startup_stm32f407xx.o(.text) refers to startup_stm32f407xx.o(STACK) for Stack_Mem
    system_stm32f4xx.o(.text) refers to system_stm32f4xx.o(.data) for SystemCoreClock
    system_stm32f4xx.o(.text) refers to system_stm32f4xx.o(.constdata) for AHBPrescTable
    sys_time.o(.text) refers (Special) to use_no_semi.o(.text) for __I$use$semihosting
    sys_time.o(.text) refers (Special) to indicate_semi.o(.text) for __semihosting_library_function
    malloc.o(.text) refers (Special) to hguard.o(.text) for __heap$guard
    malloc.o(.text) refers (Special) to init_alloc.o(.text) for _init_alloc
    malloc.o(.text) refers to rt_heap_descriptor_intlibspace.o(.text) for __rt_heap_descriptor
    malloc.o(.text) refers to heapstubs.o(.text) for __Heap_Alloc
    free.o(.text) refers (Special) to hguard.o(.text) for __heap$guard
    free.o(.text) refers to rt_heap_descriptor_intlibspace.o(.text) for __rt_heap_descriptor
    free.o(.text) refers to heapstubs.o(.text) for __Heap_Free
    h1_alloc.o(.text) refers (Special) to h1_init.o(.text) for __Heap_Initialize
    h1_alloc.o(.text) refers to rt_heap_descriptor_intlibspace.o(.text) for __rt_heap_descriptor
    h1_alloc.o(.text) refers to init_alloc.o(.text) for __Heap_Full
    h1_free.o(.text) refers to rt_heap_descriptor_intlibspace.o(.text) for __rt_heap_descriptor
    h1_alloc_mt.o(.text) refers (Special) to h1_init.o(.text) for __Heap_Initialize
    h1_alloc_mt.o(.text) refers to init_alloc.o(.text) for __Heap_Full
    h1_alloc_mt.o(.text) refers to rt_heap_descriptor_intlibspace.o(.text) for __rt_heap_descriptor
    h1_free_mt.o(.text) refers to rt_heap_descriptor_intlibspace.o(.text) for __rt_heap_descriptor
    heap2.o(i._FDIterate) refers to heap2.o(.conststring) for .conststring
    heap2.o(i.___Heap_ProvideMemory$realtime) refers to fdtree.o(i._FDTree_Delete) for _FDTree_Delete
    heap2.o(i.___Heap_ProvideMemory$realtime) refers to fdtree.o(i._FDTree_Insert) for _FDTree_Insert
    heap2.o(i.___Heap_Stats$realtime) refers to heap2.o(i._Heap2_StatsIterate) for _Heap2_StatsIterate
    heap2.o(i.___Heap_Valid$realtime) refers to heap2.o(i._FDIterate) for _FDIterate
    heap2.o(i.___Heap_Valid$realtime) refers to heap2.o(.conststring) for .conststring
    heap2.o(i._free$realtime) refers to rt_heap_descriptor_intlibspace.o(.text) for __rt_heap_descriptor
    heap2.o(i._free$realtime) refers to fdtree.o(i._FDTree_Delete) for _FDTree_Delete
    heap2.o(i._free$realtime) refers to fdtree.o(i._FDTree_Insert) for _FDTree_Insert
[...]
    ../clib/printf.c                         0x00000000   Number         0  __printf_flags_wp.o ABSOLUTE
    ../clib/printf.c                         0x00000000   Number         0  __printf_wp.o ABSOLUTE
    ../clib/printf.c                         0x00000000   Number         0  _printf_char_file.o ABSOLUTE
    ../clib/printf.c                         0x00000000   Number         0  __printf_flags_ss.o ABSOLUTE
    ../clib/printf.c                         0x00000000   Number         0  __printf_ss.o ABSOLUTE
    ../clib/printf.c                         0x00000000   Number         0  __printf_flags.o ABSOLUTE
    ../clib/printf.c                         0x00000000   Number         0  __2printf.o ABSOLUTE
    ../clib/printf.c                         0x00000000   Number         0  noretval__2printf.o ABSOLUTE
    ../clib/printf_percent.s                 0x00000000   Number         0  _printf_percent_end.o ABSOLUTE
    ../clib/printf_percent.s                 0x00000000   Number         0  _printf_percent.o ABSOLUTE
    ../clib/printf_percent.s                 0x00000000   Number         0  _printf_f.o ABSOLUTE
    ../clib/signal.c                         0x00000000   Number         0  defsig_exit.o ABSOLUTE
    ../clib/signal.c                         0x00000000   Number         0  defsig_general.o ABSOLUTE
    ../clib/signal.c                         0x00000000   Number         0  defsig_rtmem_formal.o ABSOLUTE
    ../clib/signal.c                         0x00000000   Number         0  defsig_rtmem_outer.o ABSOLUTE
    ../clib/signal.c                         0x00000000   Number         0  defsig_other.o ABSOLUTE
    ../clib/signal.c                         0x00000000   Number         0  defsig_segv_inner.o ABSOLUTE
    ../clib/signal.c                         0x00000000   Number         0  defsig_cppl_inner.o ABSOLUTE
    ../clib/signal.c                         0x00000000   Number         0  defsig_pvfn_inner.o ABSOLUTE
    ../clib/signal.c                         0x00000000   Number         0  defsig_stak_inner.o ABSOLUTE
    ../clib/signal.c                         0x00000000   Number         0  defsig_abrt_inner.o ABSOLUTE
    ../clib/signal.c                         0x00000000   Number         0  defsig_rtred_inner.o ABSOLUTE
    ../clib/signal.c                         0x00000000   Number         0  defsig_fpe_inner.o ABSOLUTE
    ../clib/signal.c                         0x00000000   Number         0  __raise.o ABSOLUTE
    ../clib/signal.c                         0x00000000   Number         0  defsig_rtmem_inner.o ABSOLUTE
    ../clib/signal.c                         0x00000000   Number         0  defsig_rtred_formal.o ABSOLUTE
    ../clib/signal.c                         0x00000000   Number         0  defsig_rtred_outer.o ABSOLUTE
    ../clib/signal.c                         0x00000000   Number         0  defsig_fpe_formal.o ABSOLUTE
    ../clib/signal.c                         0x00000000   Number         0  defsig_fpe_outer.o ABSOLUTE
    ../clib/signal.s                         0x00000000   Number         0  defsig.o ABSOLUTE
    ../clib/stdio.c                          0x00000000   Number         0  setvbuf_locked.o ABSOLUTE
    ../clib/stdio.c                          0x00000000   Number         0  ftell.o ABSOLUTE
    ../clib/stdio.c                          0x00000000   Number         0  fseek.o ABSOLUTE
    ../clib/stdio.c                          0x00000000   Number         0  initio_locked.o ABSOLUTE
    ../clib/stdio.c                          0x00000000   Number         0  stdio.o ABSOLUTE
    ../clib/stdio.c                          0x00000000   Number         0  stdio_streams.o ABSOLUTE
    ../clib/stdio.c                          0x00000000   Number         0  ferror.o ABSOLUTE
    ../clib/stdio.c                          0x00000000   Number         0  initio.o ABSOLUTE
    ../clib/stdio.c                          0x00000000   Number         0  ferror_locked.o ABSOLUTE
    ../clib/stdio.c                          0x00000000   Number         0  fopen_locked.o ABSOLUTE
    ../clib/stdio.c                          0x00000000   Number         0  setvbuf.o ABSOLUTE
    ../clib/stdio.c                          0x00000000   Number         0  streamlock.o ABSOLUTE
    ../clib/stdio.c                          0x00000000   Number         0  fopen.o ABSOLUTE
    ../clib/stdio.c                          0x00000000   Number         0  fclose.o ABSOLUTE
    ../clib/stdlib.c                         0x00000000   Number         0  exit.o ABSOLUTE
    ../clib/stdlib.c                         0x00000000   Number         0  rand.o ABSOLUTE
    ../clib/stdlib.c                         0x00000000   Number         0  rand.o ABSOLUTE
    ../clib/string.c                         0x00000000   Number         0  strlen.o ABSOLUTE
    ../fplib/d2f.s                           0x00000000   Number         0  d2f_clz.o ABSOLUTE
    ../fplib/dcmpi.s                         0x00000000   Number         0  dcmpi.o ABSOLUTE
    ../fplib/dflt.s                          0x00000000   Number         0  dflt_clz.o ABSOLUTE
    ../fplib/dleqf.s                         0x00000000   Number         0  dleqf.o ABSOLUTE
    ../fplib/dnaninf.s                       0x00000000   Number         0  dnaninf.o ABSOLUTE
    ../fplib/drenorm.s                       0x00000000   Number         0  drenorm_clz.o ABSOLUTE
    ../fplib/dretinf.s                       0x00000000   Number         0  dretinf.o ABSOLUTE
    ../fplib/dsqrt.s                         0x00000000   Number         0  dsqrt_umaalclz.o ABSOLUTE
    ../fplib/dunder.s                        0x00000000   Number         0  dunder_clz.o ABSOLUTE
    ../fplib/except.s                        0x00000000   Number         0  except.o ABSOLUTE
    ../fplib/f2d.s                           0x00000000   Number         0  f2d.o ABSOLUTE
    ../fplib/fnaninf.s                       0x00000000   Number         0  fnaninf.o ABSOLUTE
    ../fplib/fpinit.s                        0x00000000   Number         0  fpinit.o ABSOLUTE
    ../fplib/fretinf.s                       0x00000000   Number         0  fretinf.o ABSOLUTE
    ../fplib/funder.s                        0x00000000   Number         0  funder_clz.o ABSOLUTE
    ../fplib/istatus.s                       0x00000000   Number         0  istatus.o ABSOLUTE
    ../fplib/printf1.s                       0x00000000   Number         0  printf1.o ABSOLUTE
    ../fplib/retnan.s                        0x00000000   Number         0  retnan.o ABSOLUTE
    ../fplib/trapv.s                         0x00000000   Number         0  trapv.o ABSOLUTE
    ../fplib/usenofp.s                       0x00000000   Number         0  usenofp.o ABSOLUTE
    ../mathlib/fpclassify.c                  0x00000000   Number         0  fpclassify.o ABSOLUTE
    ../mathlib/sqrt.c                        0x00000000   Number         0  sqrt_full.o ABSOLUTE
    ../mathlib/sqrt.c                        0x00000000   Number         0  sqrt_full_x.o ABSOLUTE
    ..\..\Source\StatisticsFunctions\arm_max_f32.c 0x00000000   Number         0  arm_max_f32.o ABSOLUTE
    ..\..\Source\StatisticsFunctions\arm_min_f32.c 0x00000000   Number         0  arm_min_f32.o ABSOLUTE
    ..\..\Source\StatisticsFunctions\arm_rms_f32.c 0x00000000   Number         0  arm_rms_f32.o ABSOLUTE
    ..\\..\\Source\\StatisticsFunctions\\arm_max_f32.c 0x00000000   Number         0  arm_max_f32.o ABSOLUTE
    ..\\..\\Source\\StatisticsFunctions\\arm_min_f32.c 0x00000000   Number         0  arm_min_f32.o ABSOLUTE
    ..\\..\\Source\\StatisticsFunctions\\arm_rms_f32.c 0x00000000   Number         0  arm_rms_f32.o ABSOLUTE
    Assembly.s                               0x00000000   Number         0  assembly.o ABSOLUTE
    RTE\Device\STM32F407VGTx\startup_stm32f407xx.s 0x00000000   Number         0  startup_stm32f407xx.o ABSOLUTE
    RTE\Device\STM32F407VGTx\system_stm32f4xx.c 0x00000000   Number         0  system_stm32f4xx.o ABSOLUTE
    RTE\\Device\\STM32F407VGTx\\system_stm32f4xx.c 0x00000000   Number         0  system_stm32f4xx.o ABSOLUTE
    dc.s                                     0x00000000   Number         0  dc.o ABSOLUTE
    fput_debug.c                             0x00000000   Number         0  fput_debug.o ABSOLUTE
    fput_debug.c                             0x00000000   Number         0  fput_debug.o ABSOLUTE
    main.c                                   0x00000000   Number         0  main.o ABSOLUTE
    main.c                                   0x00000000   Number         0  main.o ABSOLUTE
    RESET                                    0x08000000   Section      392  startup_stm32f407xx.o(RESET)
    !!!main                                  0x08000188   Section        8  __main.o(!!!main)
    !!!scatter                               0x08000190   Section       52  __scatter.o(!!!scatter)
    !!handler_copy                           0x080001c4   Section       26  __scatter_copy.o(!!handler_copy)
    !!handler_zi                             0x080001e0   Section       28  __scatter_zi.o(!!handler_zi)
    .ARM.Collect$$_printf_percent$$00000000  0x080001fc   Section        0  _printf_percent.o(.ARM.Collect$$_printf_percent$$00000000)
    .ARM.Collect$$_printf_percent$$00000003  0x080001fc   Section        6  _printf_f.o(.ARM.Collect$$_printf_percent$$00000003)
    .ARM.Collect$$_printf_percent$$00000017  0x08000202   Section        4  _printf_percent_end.o(.ARM.Collect$$_printf_percent$$00000017)
    .ARM.Collect$$libinit$$00000000          0x08000206   Section        2  libinit.o(.ARM.Collect$$libinit$$00000000)
    .ARM.Collect$$libinit$$00000001          0x08000208   Section        4  libinit2.o(.ARM.Collect$$libinit$$00000001)
    .ARM.Collect$$libinit$$00000004          0x0800020c   Section        0  libinit2.o(.ARM.Collect$$libinit$$00000004)
    .ARM.Collect$$libinit$$00000005          0x0800020c   Section        8  libinit2.o(.ARM.Collect$$libinit$$00000005)
    .ARM.Collect$$libinit$$0000000A          0x08000214   Section        0  libinit2.o(.ARM.Collect$$libinit$$0000000A)
    .ARM.Collect$$libinit$$0000000C          0x08000214   Section        0  libinit2.o(.ARM.Collect$$libinit$$0000000C)
    .ARM.Collect$$libinit$$0000000D          0x08000214   Section        4  libinit2.o(.ARM.Collect$$libinit$$0000000D)
    .ARM.Collect$$libinit$$0000000E          0x08000218   Section        0  libinit2.o(.ARM.Collect$$libinit$$0000000E)
    .ARM.Collect$$libinit$$0000000F          0x08000218   Section        6  libinit2.o(.ARM.Collect$$libinit$$0000000F)
    .ARM.Collect$$libinit$$00000011          0x0800021e   Section        0  libinit2.o(.ARM.Collect$$libinit$$00000011)
    .ARM.Collect$$libinit$$00000013          0x0800021e   Section        0  libinit2.o(.ARM.Collect$$libinit$$00000013)
    .ARM.Collect$$libinit$$00000015          0x0800021e   Section        0  libinit2.o(.ARM.Collect$$libinit$$00000015)
    .ARM.Collect$$libinit$$00000016          0x0800021e   Section       10  libinit2.o(.ARM.Collect$$libinit$$00000016)
    .ARM.Collect$$libinit$$00000017          0x08000228   Section        0  libinit2.o(.ARM.Collect$$libinit$$00000017)
    .ARM.Collect$$libinit$$00000019          0x08000228   Section        0  libinit2.o(.ARM.Collect$$libinit$$00000019)
    .ARM.Collect$$libinit$$0000001B          0x08000228   Section        0  libinit2.o(.ARM.Collect$$libinit$$0000001B)
    .ARM.Collect$$libinit$$0000001D          0x08000228   Section        0  libinit2.o(.ARM.Collect$$libinit$$0000001D)
    .ARM.Collect$$libinit$$0000001F          0x08000228   Section        0  libinit2.o(.ARM.Collect$$libinit$$0000001F)
    .ARM.Collect$$libinit$$00000021          0x08000228   Section        0  libinit2.o(.ARM.Collect$$libinit$$00000021)
    .ARM.Collect$$libinit$$00000023          0x08000228   Section        0  libinit2.o(.ARM.Collect$$libinit$$00000023)
    .ARM.Collect$$libinit$$00000024          0x08000228   Section        4  libinit2.o(.ARM.Collect$$libinit$$00000024)
    .ARM.Collect$$libinit$$00000025          0x0800022c   Section        0  libinit2.o(.ARM.Collect$$libinit$$00000025)
    .ARM.Collect$$libinit$$0000002C          0x0800022c   Section        0  libinit2.o(.ARM.Collect$$libinit$$0000002C)
    .ARM.Collect$$libinit$$0000002E          0x0800022c   Section        0  libinit2.o(.ARM.Collect$$libinit$$0000002E)
    .ARM.Collect$$libinit$$00000030          0x0800022c   Section        0  libinit2.o(.ARM.Collect$$libinit$$00000030)
    .ARM.Collect$$libinit$$00000032          0x0800022c   Section        0  libinit2.o(.ARM.Collect$$libinit$$00000032)
    .ARM.Collect$$libinit$$00000033          0x0800022c   Section        2  libinit2.o(.ARM.Collect$$libinit$$00000033)
    .ARM.Collect$$libshutdown$$00000000      0x0800022e   Section        2  libshutdown.o(.ARM.Collect$$libshutdown$$00000000)
    .ARM.Collect$$libshutdown$$00000002      0x08000230   Section        0  libshutdown2.o(.ARM.Collect$$libshutdown$$00000002)
    .ARM.Collect$$libshutdown$$00000003      0x08000230   Section        4  libshutdown2.o(.ARM.Collect$$libshutdown$$00000003)
    .ARM.Collect$$libshutdown$$00000004      0x08000234   Section        0  libshutdown2.o(.ARM.Collect$$libshutdown$$00000004)
    .ARM.Collect$$libshutdown$$00000007      0x08000234   Section        0  libshutdown2.o(.ARM.Collect$$libshutdown$$00000007)
    .ARM.Collect$$libshutdown$$0000000A      0x08000234   Section        0  libshutdown2.o(.ARM.Collect$$libshutdown$$0000000A)
    .ARM.Collect$$libshutdown$$0000000C      0x08000234   Section        0  libshutdown2.o(.ARM.Collect$$libshutdown$$0000000C)
    .ARM.Collect$$libshutdown$$0000000F      0x08000234   Section        0  libshutdown2.o(.ARM.Collect$$libshutdown$$0000000F)
    .ARM.Collect$$libshutdown$$00000010      0x08000234   Section        2  libshutdown2.o(.ARM.Collect$$libshutdown$$00000010)
    .ARM.Collect$$rtentry$$00000000          0x08000236   Section        0  __rtentry.o(.ARM.Collect$$rtentry$$00000000)
    .ARM.Collect$$rtentry$$00000002          0x08000236   Section        0  __rtentry2.o(.ARM.Collect$$rtentry$$00000002)
    .ARM.Collect$$rtentry$$00000004          0x08000236   Section        6  __rtentry4.o(.ARM.Collect$$rtentry$$00000004)
    .ARM.Collect$$rtentry$$00000009          0x0800023c   Section        0  __rtentry2.o(.ARM.Collect$$rtentry$$00000009)
    .ARM.Collect$$rtentry$$0000000A          0x0800023c   Section        4  __rtentry2.o(.ARM.Collect$$rtentry$$0000000A)
    .ARM.Collect$$rtentry$$0000000C          0x08000240   Section        0  __rtentry2.o(.ARM.Collect$$rtentry$$0000000C)
    .ARM.Collect$$rtentry$$0000000D          0x08000240   Section        8  __rtentry2.o(.ARM.Collect$$rtentry$$0000000D)
    .ARM.Collect$$rtexit$$00000000           0x08000248   Section        2  rtexit.o(.ARM.Collect$$rtexit$$00000000)
    .ARM.Collect$$rtexit$$00000002           0x0800024a   Section        0  rtexit2.o(.ARM.Collect$$rtexit$$00000002)
    .ARM.Collect$$rtexit$$00000003           0x0800024a   Section        4  rtexit2.o(.ARM.Collect$$rtexit$$00000003)
    .ARM.Collect$$rtexit$$00000004           0x0800024e   Section        6  rtexit2.o(.ARM.Collect$$rtexit$$00000004)
    .emb_text                                0x08000254   Section       52  rand.o(.emb_text)
    .emb_text                                0x08000288   Section        0  maybetermalloc1.o(.emb_text)
    .text                                    0x08000288   Section        0  main.o(.text)
    .text                                    0x080006dc   Section        0  fput_debug.o(.text)
    .text                                    0x08000714   Section       64  startup_stm32f407xx.o(.text)
    $v0                                      0x08000714   Number         0  startup_stm32f407xx.o(.text)
    .text                                    0x08000754   Section        0  system_stm32f4xx.o(.text)
    .text                                    0x08000874   Section        0  arm_max_f32.o(.text)
    .text                                    0x0800094c   Section        0  arm_min_f32.o(.text)
    .text                                    0x08000a24   Section        0  arm_rms_f32.o(.text)
    .text                                    0x08000b10   Section        0  sys_time.o(.text)
    .text                                    0x08000b22   Section        0  h1_alloc.o(.text)
    .text                                    0x08000b80   Section        0  h1_free.o(.text)
    .text                                    0x08000bd0   Section        0  noretval__2printf.o(.text)
    .text                                    0x08000be8   Section        0  __printf.o(.text)
    .text                                    0x08000c50   Section        0  rand.o(.text)
    .text                                    0x08000c8c   Section      100  rt_memcpy_w.o(.text)
    .text                                    0x08000cf0   Section        0  heapauxi.o(.text)
    .text                                    0x08000cf6   Section        2  use_no_semi.o(.text)
    .text                                    0x08000cf8   Section        0  indicate_semi.o(.text)
    .text                                    0x08000cf8   Section        8  rt_heap_descriptor_intlibspace.o(.text)
    .text                                    0x08000d00   Section        0  hguard.o(.text)
    .text                                    0x08000d04   Section        0  init_alloc.o(.text)
    .text                                    0x08000d8e   Section        0  h1_init.o(.text)
    .text                                    0x08000d9c   Section        0  _rserrno.o(.text)
    .text                                    0x08000db2   Section        0  _printf_fp_dec.o(.text)
    _fp_digits                               0x08000db5   Thumb Code   432  _printf_fp_dec.o(.text)
    .text                                    0x080011d0   Section        0  _printf_char_file.o(.text)
    .text                                    0x080011f4   Section        8  libspace.o(.text)
    .text                                    0x080011fc   Section        8  rt_locale_intlibspace.o(.text)
    .text                                    0x08001204   Section        8  rt_errno_addr_intlibspace.o(.text)
    .text                                    0x0800120c   Section        0  h1_extend.o(.text)
    .text                                    0x08001240   Section      138  lludiv10.o(.text)
    .text                                    0x080012cc   Section        0  _fptrap.o(.text)
    .text                                    0x080012fc   Section        0  _printf_char_common.o(.text)
    _printf_input_char                       0x080012fd   Thumb Code    10  _printf_char_common.o(.text)
    .text                                    0x0800132c   Section        0  _printf_fp_infnan.o(.text)
    .text                                    0x080013ac   Section        0  bigflt0.o(.text)
    .text                                    0x08001490   Section        0  ferror.o(.text)
    .text                                    0x08001498   Section        0  initio.o(.text)
    .text                                    0x080015d0   Section        0  defsig_rtmem_outer.o(.text)
    .text                                    0x080015de   Section        0  sys_io.o(.text)
    .text                                    0x08001644   Section       74  sys_stackheap_outer.o(.text)
    .text                                    0x0800168e   Section        0  setvbuf.o(.text)
    .text                                    0x080016d4   Section        0  fopen.o(.text)
    _freopen_locked                          0x080016d5   Thumb Code     0  fopen.o(.text)
    .text                                    0x080017c0   Section        0  fclose.o(.text)
    .text                                    0x0800180c   Section        0  exit.o(.text)
    .text                                    0x0800181e   Section        0  defsig_exit.o(.text)
    .text                                    0x08001828   Section        0  defsig_fpe_outer.o(.text)
    .text                                    0x08001836   Section        0  defsig_rtred_outer.o(.text)
    .text                                    0x08001844   Section        0  defsig_rtmem_inner.o(.text)
    .text                                    0x08001894   Section       78  rt_memclr_w.o(.text)
    .text                                    0x080018e4   Section      128  strcmpv7m.o(.text)
    .text                                    0x08001964   Section        0  sys_exit.o(.text)
    .text                                    0x08001970   Section        0  fseek.o(.text)
    .text                                    0x08001a68   Section        0  stdio.o(.text)
    .text                                    0x08001b58   Section        0  defsig_general.o(.text)
    .text                                    0x08001b8c   Section        0  defsig_fpe_inner.o(.text)
    .text                                    0x08001c38   Section        0  defsig_rtred_inner.o(.text)
    .text                                    0x08001c6c   Section        0  strlen.o(.text)
    .text                                    0x08001caa   Section        0  sys_wrch.o(.text)
    .text                                    0x08001cb8   Section        0  ftell.o(.text)
    CL$$btod_d2e                             0x08001cfa   Section       62  btod.o(CL$$btod_d2e)
    CL$$btod_d2e_denorm_low                  0x08001d38   Section       70  btod.o(CL$$btod_d2e_denorm_low)
    CL$$btod_d2e_norm_op1                    0x08001d7e   Section       96  btod.o(CL$$btod_d2e_norm_op1)
    CL$$btod_div_common                      0x08001dde   Section      824  btod.o(CL$$btod_div_common)
    CL$$btod_e2e                             0x08002116   Section      220  btod.o(CL$$btod_e2e)
    CL$$btod_ediv                            0x080021f2   Section       42  btod.o(CL$$btod_ediv)
    CL$$btod_emul                            0x0800221c   Section       42  btod.o(CL$$btod_emul)
    CL$$btod_mult_common                     0x08002246   Section      580  btod.o(CL$$btod_mult_common)
    i.__ARM_fpclassify                       0x0800248a   Section        0  fpclassify.o(i.__ARM_fpclassify)
    i.__hardfp_sqrt                          0x080024ba   Section        0  sqrt_full.o(i.__hardfp_sqrt)
    locale$$code                             0x08002534   Section       44  lc_numeric_c.o(locale$$code)
    text                                     0x08002560   Section      174  assembly.o(text)
    $v0                                      0x08002560   Number         0  assembly.o(text)
    x$fpl$d2f                                0x08002610   Section      708  d2f_clz.o(x$fpl$d2f)
    $v0                                      0x08002610   Number         0  d2f_clz.o(x$fpl$d2f)
    x$fpl$dfltn                              0x080028d4   Section       26  dflt_clz.o(x$fpl$dfltn)
    $v0                                      0x080028d4   Number         0  dflt_clz.o(x$fpl$dfltn)
    x$fpl$dnaninf                            0x080028ee   Section      258  dnaninf.o(x$fpl$dnaninf)
    $v0                                      0x080028ee   Number         0  dnaninf.o(x$fpl$dnaninf)
    x$fpl$drenorm                            0x080029f0   Section      112  drenorm_clz.o(x$fpl$drenorm)
    $v0                                      0x080029f0   Number         0  drenorm_clz.o(x$fpl$drenorm)
    x$fpl$dretinf                            0x08002a60   Section       12  dretinf.o(x$fpl$dretinf)
    $v0                                      0x08002a60   Number         0  dretinf.o(x$fpl$dretinf)
    x$fpl$dsqrt                              0x08002a6c   Section      520  dsqrt_umaalclz.o(x$fpl$dsqrt)
    $v0                                      0x08002a6c   Number         0  dsqrt_umaalclz.o(x$fpl$dsqrt)
    x$fpl$dunder                             0x08002c74   Section      378  dunder_clz.o(x$fpl$dunder)
    $v0                                      0x08002c74   Number         0  dunder_clz.o(x$fpl$dunder)
    x$fpl$exception                          0x08002df0   Section      492  except.o(x$fpl$exception)
    $v0                                      0x08002df0   Number         0  except.o(x$fpl$exception)
    x$fpl$f2d                                0x08002fdc   Section      122  f2d.o(x$fpl$f2d)
    $v0                                      0x08002fdc   Number         0  f2d.o(x$fpl$f2d)
    x$fpl$fnaninf                            0x08003056   Section      242  fnaninf.o(x$fpl$fnaninf)
    $v0                                      0x08003056   Number         0  fnaninf.o(x$fpl$fnaninf)
    x$fpl$fpinit                             0x08003148   Section       10  fpinit.o(x$fpl$fpinit)
    $v0                                      0x08003148   Number         0  fpinit.o(x$fpl$fpinit)
    x$fpl$fretinf                            0x08003152   Section       10  fretinf.o(x$fpl$fretinf)
    $v0                                      0x08003152   Number         0  fretinf.o(x$fpl$fretinf)
    x$fpl$funder                             0x0800315c   Section      316  funder_clz.o(x$fpl$funder)
    $v0                                      0x0800315c   Number         0  funder_clz.o(x$fpl$funder)
    x$fpl$ieeestatus                         0x08003298   Section       32  istatus.o(x$fpl$ieeestatus)
    $v0                                      0x08003298   Number         0  istatus.o(x$fpl$ieeestatus)
    x$fpl$printf1                            0x080032b8   Section        4  printf1.o(x$fpl$printf1)
    $v0                                      0x080032b8   Number         0  printf1.o(x$fpl$printf1)
    x$fpl$retnan                             0x080032bc   Section      178  retnan.o(x$fpl$retnan)
    $v0                                      0x080032bc   Number         0  retnan.o(x$fpl$retnan)
    x$fpl$trapveneer                         0x0800336e   Section      126  trapv.o(x$fpl$trapveneer)
    $v0                                      0x0800336e   Number         0  trapv.o(x$fpl$trapveneer)
    .constdata                               0x080033ec   Section       20  main.o(.constdata)
    x$fpl$usenofp                            0x080033ec   Section        0  usenofp.o(x$fpl$usenofp)
    .constdata                               0x08003400   Section       24  system_stm32f4xx.o(.constdata)
    .constdata                               0x08003418   Section      148  bigflt0.o(.constdata)
    tenpwrs_x                                0x08003418   Data          60  bigflt0.o(.constdata)
    tenpwrs_i                                0x08003454   Data          64  bigflt0.o(.constdata)
    .constdata                               0x080034ac   Section        4  sys_io.o(.constdata)
    .constdata                               0x080034b0   Section        4  sys_io.o(.constdata)
    .constdata                               0x080034b4   Section        4  sys_io.o(.constdata)
    .conststring                             0x080034b8   Section       65  main.o(.conststring)
    locale$$data                             0x0800351c   Section       28  lc_numeric_c.o(locale$$data)
    __lcnum_c_name                           0x08003520   Data           2  lc_numeric_c.o(locale$$data)
    __lcnum_c_start                          0x08003528   Data           0  lc_numeric_c.o(locale$$data)
    __lcnum_c_point                          0x08003534   Data           0  lc_numeric_c.o(locale$$data)
    __lcnum_c_thousands                      0x08003536   Data           0  lc_numeric_c.o(locale$$data)
    __lcnum_c_grouping                       0x08003537   Data           0  lc_numeric_c.o(locale$$data)
    __lcnum_c_end                            0x08003538   Data           0  lc_numeric_c.o(locale$$data)
    .data                                    0x20000000   Section        4  main.o(.data)
    count                                    0x20000000   Data           4  main.o(.data)
    .data                                    0x20000004   Section        4  system_stm32f4xx.o(.data)
    .data                                    0x20000008   Section        4  stdio_streams.o(.data)
    .data                                    0x2000000c   Section        4  stdio_streams.o(.data)
    .data                                    0x20000010   Section        4  stdio_streams.o(.data)
    .bss                                     0x20000014   Section       20  main.o(.bss)
    x                                        0x20000014   Data          20  main.o(.bss)
    .bss                                     0x20000028   Section      228  rand.o(.bss)
    .bss                                     0x2000010c   Section       84  stdio_streams.o(.bss)
    .bss                                     0x20000160   Section       84  stdio_streams.o(.bss)
    .bss                                     0x200001b4   Section       84  stdio_streams.o(.bss)
    .bss                                     0x20000208   Section       96  libspace.o(.bss)
    HEAP                                     0x20000268   Section      512  startup_stm32f407xx.o(HEAP)
    Heap_Mem                                 0x20000268   Data         512  startup_stm32f407xx.o(HEAP)
    STACK                                    0x20000468   Section     1024  startup_stm32f407xx.o(STACK)
    Stack_Mem                                0x20000468   Data        1024  startup_stm32f407xx.o(STACK)
    __initial_sp                             0x20000868   Data           0  startup_stm32f407xx.o(STACK)

    Global Symbols

    Symbol Name                              Value     Ov Type        Size  Object(Section)

    BuildAttributes$$THM_ISAv4$E$P$D$K$B$S$7EM$VFPi3$EXTD16$VFPS$VFMA$PE$A:L22UL41UL21$X:L11$S22US41US21$IEEE1$IW$USESV6$~STKCKD$USESV7$~SHL$OTIME$ROPI$IEEEX$EBA8$UX$STANDARDLIB$REQ8$EABIv2 0x00000000   Number         0  anon$$obj.o ABSOLUTE
    __ARM_use_no_argv                        0x00000000   Number         0  main.o ABSOLUTE
    __ARM_exceptions_init                     - Undefined Weak Reference
    __alloca_initialize                       - Undefined Weak Reference
    __arm_preinit_                            - Undefined Weak Reference
    __cpp_initialize__aeabi_                  - Undefined Weak Reference
    __cxa_finalize                            - Undefined Weak Reference
    __sigvec_lookup                           - Undefined Weak Reference
    __user_heap_extent                        - Undefined Weak Reference
    _atexit_init                              - Undefined Weak Reference
    _call_atexit_fns                          - Undefined Weak Reference
    _clock_init                               - Undefined Weak Reference
    _fp_trap_big                              - Undefined Weak Reference
    _fp_trap_init                             - Undefined Weak Reference
    _fp_trap_shutdown                         - Undefined Weak Reference
    _get_lc_collate                           - Undefined Weak Reference
    _get_lc_ctype                             - Undefined Weak Reference
    _get_lc_monetary                          - Undefined Weak Reference
    _get_lc_time                              - Undefined Weak Reference
    _getenv_init                              - Undefined Weak Reference
    _handle_redirection                       - Undefined Weak Reference
    _mutex_acquire                            - Undefined Weak Reference
    _mutex_free                               - Undefined Weak Reference
    _mutex_release                            - Undefined Weak Reference
    _printf_post_padding                      - Undefined Weak Reference
    _printf_pre_padding                       - Undefined Weak Reference
    _signal_finish                            - Undefined Weak Reference
    _signal_init                              - Undefined Weak Reference
    __Vectors_Size                           0x00000188   Number         0  startup_stm32f407xx.o ABSOLUTE
    __Vectors                                0x08000000   Data           4  startup_stm32f407xx.o(RESET)
    __Vectors_End                            0x08000188   Data           0  startup_stm32f407xx.o(RESET)
    __main                                   0x08000189   Thumb Code     8  __main.o(!!!main)
    __scatterload                            0x08000191   Thumb Code     0  __scatter.o(!!!scatter)
    __scatterload_rt2                        0x08000191   Thumb Code    44  __scatter.o(!!!scatter)
    __scatterload_rt2_thumb_only             0x08000191   Thumb Code     0  __scatter.o(!!!scatter)
    __scatterload_null                       0x0800019f   Thumb Code     0  __scatter.o(!!!scatter)
    __scatterload_copy                       0x080001c5   Thumb Code    26  __scatter_copy.o(!!handler_copy)
    __scatterload_zeroinit                   0x080001e1   Thumb Code    28  __scatter_zi.o(!!handler_zi)
    _printf_f                                0x080001fd   Thumb Code     0  _printf_f.o(.ARM.Collect$$_printf_percent$$00000003)
    _printf_percent                          0x080001fd   Thumb Code     0  _printf_percent.o(.ARM.Collect$$_printf_percent$$00000000)
    _printf_percent_end                      0x08000203   Thumb Code     0  _printf_percent_end.o(.ARM.Collect$$_printf_percent$$00000017)
    __rt_lib_init                            0x08000207   Thumb Code     0  libinit.o(.ARM.Collect$$libinit$$00000000)
    __rt_lib_init_fp_1                       0x08000209   Thumb Code     0  libinit2.o(.ARM.Collect$$libinit$$00000001)
    __rt_lib_init_heap_2                     0x0800020d   Thumb Code     0  libinit2.o(.ARM.Collect$$libinit$$00000005)
    __rt_lib_init_preinit_1                  0x0800020d   Thumb Code     0  libinit2.o(.ARM.Collect$$libinit$$00000004)
    __rt_lib_init_heap_1                     0x08000215   Thumb Code     0  libinit2.o(.ARM.Collect$$libinit$$0000000A)
    __rt_lib_init_rand_2                     0x08000215   Thumb Code     0  libinit2.o(.ARM.Collect$$libinit$$0000000D)
    __rt_lib_init_user_alloc_1               0x08000215   Thumb Code     0  libinit2.o(.ARM.Collect$$libinit$$0000000C)
    __rt_lib_init_lc_common                  0x08000219   Thumb Code     0  libinit2.o(.ARM.Collect$$libinit$$0000000F)
    __rt_lib_init_rand_1                     0x08000219   Thumb Code     0  libinit2.o(.ARM.Collect$$libinit$$0000000E)
    __rt_lib_init_lc_collate_1               0x0800021f   Thumb Code     0  libinit2.o(.ARM.Collect$$libinit$$00000011)
    __rt_lib_init_lc_ctype_1                 0x0800021f   Thumb Code     0  libinit2.o(.ARM.Collect$$libinit$$00000013)
    __rt_lib_init_lc_monetary_1              0x0800021f   Thumb Code     0  libinit2.o(.ARM.Collect$$libinit$$00000015)
    __rt_lib_init_lc_numeric_2               0x0800021f   Thumb Code     0  libinit2.o(.ARM.Collect$$libinit$$00000016)
    __rt_lib_init_atexit_1                   0x08000229   Thumb Code     0  libinit2.o(.ARM.Collect$$libinit$$0000001B)
    __rt_lib_init_clock_1                    0x08000229   Thumb Code     0  libinit2.o(.ARM.Collect$$libinit$$00000021)
    __rt_lib_init_fp_trap_1                  0x08000229   Thumb Code     0  libinit2.o(.ARM.Collect$$libinit$$0000001F)
    __rt_lib_init_getenv_1                   0x08000229   Thumb Code     0  libinit2.o(.ARM.Collect$$libinit$$00000023)
    __rt_lib_init_lc_numeric_1               0x08000229   Thumb Code     0  libinit2.o(.ARM.Collect$$libinit$$00000017)
    __rt_lib_init_lc_time_1                  0x08000229   Thumb Code     0  libinit2.o(.ARM.Collect$$libinit$$00000019)
    __rt_lib_init_signal_1                   0x08000229   Thumb Code     0  libinit2.o(.ARM.Collect$$libinit$$0000001D)
    __rt_lib_init_stdio_2                    0x08000229   Thumb Code     0  libinit2.o(.ARM.Collect$$libinit$$00000024)
    __rt_lib_init_alloca_1                   0x0800022d   Thumb Code     0  libinit2.o(.ARM.Collect$$libinit$$0000002E)
    __rt_lib_init_argv_1                     0x0800022d   Thumb Code     0  libinit2.o(.ARM.Collect$$libinit$$0000002C)
    __rt_lib_init_cpp_1                      0x0800022d   Thumb Code     0  libinit2.o(.ARM.Collect$$libinit$$00000032)
    __rt_lib_init_exceptions_1               0x0800022d   Thumb Code     0  libinit2.o(.ARM.Collect$$libinit$$00000030)
    __rt_lib_init_return                     0x0800022d   Thumb Code     0  libinit2.o(.ARM.Collect$$libinit$$00000033)
    __rt_lib_init_stdio_1                    0x0800022d   Thumb Code     0  libinit2.o(.ARM.Collect$$libinit$$00000025)
    __rt_lib_shutdown                        0x0800022f   Thumb Code     0  libshutdown.o(.ARM.Collect$$libshutdown$$00000000)
    __rt_lib_shutdown_cpp_1                  0x08000231   Thumb Code     0  libshutdown2.o(.ARM.Collect$$libshutdown$$00000002)
    __rt_lib_shutdown_stdio_2                0x08000231   Thumb Code     0  libshutdown2.o(.ARM.Collect$$libshutdown$$00000003)
    __rt_lib_shutdown_fp_trap_1              0x08000235   Thumb Code     0  libshutdown2.o(.ARM.Collect$$libshutdown$$00000007)
    __rt_lib_shutdown_heap_1                 0x08000235   Thumb Code     0  libshutdown2.o(.ARM.Collect$$libshutdown$$0000000F)
    __rt_lib_shutdown_return                 0x08000235   Thumb Code     0  libshutdown2.o(.ARM.Collect$$libshutdown$$00000010)
    __rt_lib_shutdown_signal_1               0x08000235   Thumb Code     0  libshutdown2.o(.ARM.Collect$$libshutdown$$0000000A)
    __rt_lib_shutdown_stdio_1                0x08000235   Thumb Code     0  libshutdown2.o(.ARM.Collect$$libshutdown$$00000004)
    __rt_lib_shutdown_user_alloc_1           0x08000235   Thumb Code     0  libshutdown2.o(.ARM.Collect$$libshutdown$$0000000C)
    __rt_entry                               0x08000237   Thumb Code     0  __rtentry.o(.ARM.Collect$$rtentry$$00000000)
    __rt_entry_presh_1                       0x08000237   Thumb Code     0  __rtentry2.o(.ARM.Collect$$rtentry$$00000002)
    __rt_entry_sh                            0x08000237   Thumb Code     0  __rtentry4.o(.ARM.Collect$$rtentry$$00000004)
    __rt_entry_li                            0x0800023d   Thumb Code     0  __rtentry2.o(.ARM.Collect$$rtentry$$0000000A)
    __rt_entry_postsh_1                      0x0800023d   Thumb Code     0  __rtentry2.o(.ARM.Collect$$rtentry$$00000009)
    __rt_entry_main                          0x08000241   Thumb Code     0  __rtentry2.o(.ARM.Collect$$rtentry$$0000000D)
    __rt_entry_postli_1                      0x08000241   Thumb Code     0  __rtentry2.o(.ARM.Collect$$rtentry$$0000000C)
    __rt_exit                                0x08000249   Thumb Code     0  rtexit.o(.ARM.Collect$$rtexit$$00000000)
    __rt_exit_ls                             0x0800024b   Thumb Code     0  rtexit2.o(.ARM.Collect$$rtexit$$00000003)
    __rt_exit_prels_1                        0x0800024b   Thumb Code     0  rtexit2.o(.ARM.Collect$$rtexit$$00000002)
    __rt_exit_exit                           0x0800024f   Thumb Code     0  rtexit2.o(.ARM.Collect$$rtexit$$00000004)
    rand                                     0x08000255   Thumb Code    48  rand.o(.emb_text)
    _maybe_terminate_alloc                   0x08000289   Thumb Code     0  maybetermalloc1.o(.emb_text)
    cmsis_math                               0x08000289   Thumb Code   106  main.o(.text)
    c_math                                   0x080002f3   Thumb Code   252  main.o(.text)
    FIR_C                                    0x080003ef   Thumb Code   174  main.o(.text)
    main                                     0x0800049d   Thumb Code   530  main.o(.text)
    fputc                                    0x080006dd   Thumb Code    52  fput_debug.o(.text)
    Reset_Handler                            0x08000715   Thumb Code     8  startup_stm32f407xx.o(.text)
    NMI_Handler                              0x0800071d   Thumb Code     2  startup_stm32f407xx.o(.text)
    HardFault_Handler                        0x0800071f   Thumb Code     2  startup_stm32f407xx.o(.text)
    MemManage_Handler                        0x08000721   Thumb Code     2  startup_stm32f407xx.o(.text)
    BusFault_Handler                         0x08000723   Thumb Code     2  startup_stm32f407xx.o(.text)
    UsageFault_Handler                       0x08000725   Thumb Code     2  startup_stm32f407xx.o(.text)
    SVC_Handler                              0x08000727   Thumb Code     2  startup_stm32f407xx.o(.text)
    DebugMon_Handler                         0x08000729   Thumb Code     2  startup_stm32f407xx.o(.text)
    PendSV_Handler                           0x0800072b   Thumb Code     2  startup_stm32f407xx.o(.text)
    SysTick_Handler                          0x0800072d   Thumb Code     2  startup_stm32f407xx.o(.text)
    ADC_IRQHandler                           0x0800072f   Thumb Code     0  startup_stm32f407xx.o(.text)
    CAN1_RX0_IRQHandler                      0x0800072f   Thumb Code     0  startup_stm32f407xx.o(.text)
    CAN1_RX1_IRQHandler                      0x0800072f   Thumb Code     0  startup_stm32f407xx.o(.text)
    CAN1_SCE_IRQHandler                      0x0800072f   Thumb Code     0  startup_stm32f407xx.o(.text)
    CAN1_TX_IRQHandler                       0x0800072f   Thumb Code     0  startup_stm32f407xx.o(.text)
    CAN2_RX0_IRQHandler                      0x0800072f   Thumb Code     0  startup_stm32f407xx.o(.text)
    CAN2_RX1_IRQHandler                      0x0800072f   Thumb Code     0  startup_stm32f407xx.o(.text)
    CAN2_SCE_IRQHandler                      0x0800072f   Thumb Code     0  startup_stm32f407xx.o(.text)
    CAN2_TX_IRQHandler                       0x0800072f   Thumb Code     0  startup_stm32f407xx.o(.text)
    DCMI_IRQHandler                          0x0800072f   Thumb Code     0  startup_stm32f407xx.o(.text)
    DMA1_Stream0_IRQHandler                  0x0800072f   Thumb Code     0  startup_stm32f407xx.o(.text)
    DMA1_Stream1_IRQHandler                  0x0800072f   Thumb Code     0  startup_stm32f407xx.o(.text)
    DMA1_Stream2_IRQHandler                  0x0800072f   Thumb Code     0  startup_stm32f407xx.o(.text)
    DMA1_Stream3_IRQHandler                  0x0800072f   Thumb Code     0  startup_stm32f407xx.o(.text)
    DMA1_Stream4_IRQHandler                  0x0800072f   Thumb Code     0  startup_stm32f407xx.o(.text)
    DMA1_Stream5_IRQHandler                  0x0800072f   Thumb Code     0  startup_stm32f407xx.o(.text)
    DMA1_Stream6_IRQHandler                  0x0800072f   Thumb Code     0  startup_stm32f407xx.o(.text)
    DMA1_Stream7_IRQHandler                  0x0800072f   Thumb Code     0  startup_stm32f407xx.o(.text)
    DMA2_Stream0_IRQHandler                  0x0800072f   Thumb Code     0  startup_stm32f407xx.o(.text)
    DMA2_Stream1_IRQHandler                  0x0800072f   Thumb Code     0  startup_stm32f407xx.o(.text)
    DMA2_Stream2_IRQHandler                  0x0800072f   Thumb Code     0  startup_stm32f407xx.o(.text)
    DMA2_Stream3_IRQHandler                  0x0800072f   Thumb Code     0  startup_stm32f407xx.o(.text)
    DMA2_Stream4_IRQHandler                  0x0800072f   Thumb Code     0  startup_stm32f407xx.o(.text)
    DMA2_Stream5_IRQHandler                  0x0800072f   Thumb Code     0  startup_stm32f407xx.o(.text)
    DMA2_Stream6_IRQHandler                  0x0800072f   Thumb Code     0  startup_stm32f407xx.o(.text)
    DMA2_Stream7_IRQHandler                  0x0800072f   Thumb Code     0  startup_stm32f407xx.o(.text)
    ETH_IRQHandler                           0x0800072f   Thumb Code     0  startup_stm32f407xx.o(.text)
    ETH_WKUP_IRQHandler                      0x0800072f   Thumb Code     0  startup_stm32f407xx.o(.text)
    EXTI0_IRQHandler                         0x0800072f   Thumb Code     0  startup_stm32f407xx.o(.text)
    EXTI15_10_IRQHandler                     0x0800072f   Thumb Code     0  startup_stm32f407xx.o(.text)
    EXTI1_IRQHandler                         0x0800072f   Thumb Code     0  startup_stm32f407xx.o(.text)
    EXTI2_IRQHandler                         0x0800072f   Thumb Code     0  startup_stm32f407xx.o(.text)
    EXTI3_IRQHandler                         0x0800072f   Thumb Code     0  startup_stm32f407xx.o(.text)
    EXTI4_IRQHandler                         0x0800072f   Thumb Code     0  startup_stm32f407xx.o(.text)
    EXTI9_5_IRQHandler                       0x0800072f   Thumb Code     0  startup_stm32f407xx.o(.text)
    FLASH_IRQHandler                         0x0800072f   Thumb Code     0  startup_stm32f407xx.o(.text)
    FMC_IRQHandler                           0x0800072f   Thumb Code     0  startup_stm32f407xx.o(.text)
    FPU_IRQHandler                           0x0800072f   Thumb Code     0  startup_stm32f407xx.o(.text)
    HASH_RNG_IRQHandler                      0x0800072f   Thumb Code     0  startup_stm32f407xx.o(.text)
    I2C1_ER_IRQHandler                       0x0800072f   Thumb Code     0  startup_stm32f407xx.o(.text)
    I2C1_EV_IRQHandler                       0x0800072f   Thumb Code     0  startup_stm32f407xx.o(.text)
    I2C2_ER_IRQHandler                       0x0800072f   Thumb Code     0  startup_stm32f407xx.o(.text)
    I2C2_EV_IRQHandler                       0x0800072f   Thumb Code     0  startup_stm32f407xx.o(.text)
    I2C3_ER_IRQHandler                       0x0800072f   Thumb Code     0  startup_stm32f407xx.o(.text)
    I2C3_EV_IRQHandler                       0x0800072f   Thumb Code     0  startup_stm32f407xx.o(.text)
    OTG_FS_IRQHandler                        0x0800072f   Thumb Code     0  startup_stm32f407xx.o(.text)
    OTG_FS_WKUP_IRQHandler                   0x0800072f   Thumb Code     0  startup_stm32f407xx.o(.text)
    OTG_HS_EP1_IN_IRQHandler                 0x0800072f   Thumb Code     0  startup_stm32f407xx.o(.text)
    OTG_HS_EP1_OUT_IRQHandler                0x0800072f   Thumb Code     0  startup_stm32f407xx.o(.text)
    OTG_HS_IRQHandler                        0x0800072f   Thumb Code     0  startup_stm32f407xx.o(.text)
    OTG_HS_WKUP_IRQHandler                   0x0800072f   Thumb Code     0  startup_stm32f407xx.o(.text)
    PVD_IRQHandler                           0x0800072f   Thumb Code     0  startup_stm32f407xx.o(.text)
    RCC_IRQHandler                           0x0800072f   Thumb Code     0  startup_stm32f407xx.o(.text)
    RTC_Alarm_IRQHandler                     0x0800072f   Thumb Code     0  startup_stm32f407xx.o(.text)
    RTC_WKUP_IRQHandler                      0x0800072f   Thumb Code     0  startup_stm32f407xx.o(.text)
    SDIO_IRQHandler                          0x0800072f   Thumb Code     0  startup_stm32f407xx.o(.text)
    SPI1_IRQHandler                          0x0800072f   Thumb Code     0  startup_stm32f407xx.o(.text)
    SPI2_IRQHandler                          0x0800072f   Thumb Code     0  startup_stm32f407xx.o(.text)
    SPI3_IRQHandler                          0x0800072f   Thumb Code     0  startup_stm32f407xx.o(.text)
    TAMP_STAMP_IRQHandler                    0x0800072f   Thumb Code     0  startup_stm32f407xx.o(.text)
    TIM1_BRK_TIM9_IRQHandler                 0x0800072f   Thumb Code     0  startup_stm32f407xx.o(.text)
    TIM1_CC_IRQHandler                       0x0800072f   Thumb Code     0  startup_stm32f407xx.o(.text)
    TIM1_TRG_COM_TIM11_IRQHandler            0x0800072f   Thumb Code     0  startup_stm32f407xx.o(.text)
    TIM1_UP_TIM10_IRQHandler                 0x0800072f   Thumb Code     0  startup_stm32f407xx.o(.text)
    TIM2_IRQHandler                          0x0800072f   Thumb Code     0  startup_stm32f407xx.o(.text)
    TIM3_IRQHandler                          0x0800072f   Thumb Code     0  startup_stm32f407xx.o(.text)
    TIM4_IRQHandler                          0x0800072f   Thumb Code     0  startup_stm32f407xx.o(.text)
    TIM5_IRQHandler                          0x0800072f   Thumb Code     0  startup_stm32f407xx.o(.text)
    TIM6_DAC_IRQHandler                      0x0800072f   Thumb Code     0  startup_stm32f407xx.o(.text)
    TIM7_IRQHandler                          0x0800072f   Thumb Code     0  startup_stm32f407xx.o(.text)
    TIM8_BRK_TIM12_IRQHandler                0x0800072f   Thumb Code     0  startup_stm32f407xx.o(.text)
    TIM8_CC_IRQHandler                       0x0800072f   Thumb Code     0  startup_stm32f407xx.o(.text)
    TIM8_TRG_COM_TIM14_IRQHandler            0x0800072f   Thumb Code     0  startup_stm32f407xx.o(.text)
    TIM8_UP_TIM13_IRQHandler                 0x0800072f   Thumb Code     0  startup_stm32f407xx.o(.text)
    UART4_IRQHandler                         0x0800072f   Thumb Code     0  startup_stm32f407xx.o(.text)
    UART5_IRQHandler                         0x0800072f   Thumb Code     0  startup_stm32f407xx.o(.text)
    USART1_IRQHandler                        0x0800072f   Thumb Code     0  startup_stm32f407xx.o(.text)
    USART2_IRQHandler                        0x0800072f   Thumb Code     0  startup_stm32f407xx.o(.text)
    USART3_IRQHandler                        0x0800072f   Thumb Code     0  startup_stm32f407xx.o(.text)
    USART6_IRQHandler                        0x0800072f   Thumb Code     0  startup_stm32f407xx.o(.text)
    WWDG_IRQHandler                          0x0800072f   Thumb Code     0  startup_stm32f407xx.o(.text)
    __user_initial_stackheap                 0x08000731   Thumb Code     0  startup_stm32f407xx.o(.text)
    SystemInit                               0x08000755   Thumb Code    82  system_stm32f4xx.o(.text)
    SystemCoreClockUpdate                    0x080007a7   Thumb Code   174  system_stm32f4xx.o(.text)
    arm_max_f32                              0x08000875   Thumb Code   216  arm_max_f32.o(.text)
    arm_min_f32                              0x0800094d   Thumb Code   216  arm_min_f32.o(.text)
    arm_rms_f32                              0x08000a25   Thumb Code   232  arm_rms_f32.o(.text)
    time                                     0x08000b11   Thumb Code    18  sys_time.o(.text)
    malloc                                   0x08000b23   Thumb Code    94  h1_alloc.o(.text)
    free                                     0x08000b81   Thumb Code    78  h1_free.o(.text)
    __2printf                                0x08000bd1   Thumb Code    20  noretval__2printf.o(.text)
    __printf                                 0x08000be9   Thumb Code   104  __printf.o(.text)
    srand                                    0x08000c51   Thumb Code    42  rand.o(.text)
    _rand_init                               0x08000c7b   Thumb Code     4  rand.o(.text)
    __aeabi_memcpy4                          0x08000c8d   Thumb Code     0  rt_memcpy_w.o(.text)
    __aeabi_memcpy8                          0x08000c8d   Thumb Code     0  rt_memcpy_w.o(.text)
    __rt_memcpy_w                            0x08000c8d   Thumb Code   100  rt_memcpy_w.o(.text)
    _memcpy_lastbytes_aligned                0x08000cd5   Thumb Code     0  rt_memcpy_w.o(.text)
    __use_two_region_memory                  0x08000cf1   Thumb Code     2  heapauxi.o(.text)
    __rt_heap_escrow                         0x08000cf3   Thumb Code     2  heapauxi.o(.text)
    __rt_heap_expand                         0x08000cf5   Thumb Code     2  heapauxi.o(.text)
    __I$use$semihosting                      0x08000cf7   Thumb Code     0  use_no_semi.o(.text)
    __use_no_semihosting_swi                 0x08000cf7   Thumb Code     2  use_no_semi.o(.text)
    __rt_heap_descriptor                     0x08000cf9   Thumb Code     8  rt_heap_descriptor_intlibspace.o(.text)
    __semihosting_library_function           0x08000cf9   Thumb Code     0  indicate_semi.o(.text)
    __use_no_heap                            0x08000d01   Thumb Code     2  hguard.o(.text)
    __heap$guard                             0x08000d03   Thumb Code     2  hguard.o(.text)
    _terminate_user_alloc                    0x08000d05   Thumb Code     2  init_alloc.o(.text)
    _init_user_alloc                         0x08000d07   Thumb Code     2  init_alloc.o(.text)
    __Heap_Full                              0x08000d09   Thumb Code    34  init_alloc.o(.text)
    __Heap_Broken                            0x08000d2b   Thumb Code     6  init_alloc.o(.text)
    _init_alloc                              0x08000d31   Thumb Code    94  init_alloc.o(.text)
    __Heap_Initialize                        0x08000d8f   Thumb Code    10  h1_init.o(.text)
    __Heap_DescSize                          0x08000d99   Thumb Code     4  h1_init.o(.text)
    __read_errno                             0x08000d9d   Thumb Code    10  _rserrno.o(.text)
    __set_errno                              0x08000da7   Thumb Code    12  _rserrno.o(.text)
    __lib_sel_fp_printf                      0x08000db3   Thumb Code     2  _printf_fp_dec.o(.text)
    _printf_fp_dec_real                      0x08000f65   Thumb Code   620  _printf_fp_dec.o(.text)
    _printf_char_file                        0x080011d1   Thumb Code    32  _printf_char_file.o(.text)
    __user_libspace                          0x080011f5   Thumb Code     8  libspace.o(.text)
    __user_perproc_libspace                  0x080011f5   Thumb Code     0  libspace.o(.text)
    __user_perthread_libspace                0x080011f5   Thumb Code     0  libspace.o(.text)
    __rt_locale                              0x080011fd   Thumb Code     8  rt_locale_intlibspace.o(.text)
    __aeabi_errno_addr                       0x08001205   Thumb Code     8  rt_errno_addr_intlibspace.o(.text)
    __errno$intlibspace                      0x08001205   Thumb Code     0  rt_errno_addr_intlibspace.o(.text)
    __rt_errno_addr$intlibspace              0x08001205   Thumb Code     0  rt_errno_addr_intlibspace.o(.text)
    __Heap_ProvideMemory                     0x0800120d   Thumb Code    52  h1_extend.o(.text)
    _ll_udiv10                               0x08001241   Thumb Code   138  lludiv10.o(.text)
    _fp_trap                                 0x080012cd   Thumb Code    44  _fptrap.o(.text)
    _printf_char_common                      0x08001307   Thumb Code    32  _printf_char_common.o(.text)
    _printf_fp_infnan                        0x0800132d   Thumb Code   112  _printf_fp_infnan.o(.text)
    _btod_etento                             0x080013ad   Thumb Code   224  bigflt0.o(.text)
    ferror                                   0x08001491   Thumb Code     8  ferror.o(.text)
    _initio                                  0x08001499   Thumb Code   210  initio.o(.text)
    _terminateio                             0x0800156b   Thumb Code    56  initio.o(.text)
    __rt_SIGRTMEM                            0x080015d1   Thumb Code    14  defsig_rtmem_outer.o(.text)
    _sys_open                                0x080015df   Thumb Code    20  sys_io.o(.text)
    _sys_close                               0x080015f3   Thumb Code    12  sys_io.o(.text)
    _sys_write                               0x080015ff   Thumb Code    16  sys_io.o(.text)
    _sys_read                                0x0800160f   Thumb Code    14  sys_io.o(.text)
    _sys_istty                               0x0800161d   Thumb Code    12  sys_io.o(.text)
    _sys_seek                                0x08001629   Thumb Code    14  sys_io.o(.text)
    _sys_ensure                              0x08001637   Thumb Code     2  sys_io.o(.text)
    _sys_flen                                0x08001639   Thumb Code    12  sys_io.o(.text)
    __user_setup_stackheap                   0x08001645   Thumb Code    74  sys_stackheap_outer.o(.text)
    setvbuf                                  0x0800168f   Thumb Code    70  setvbuf.o(.text)
    freopen                                  0x080016d5   Thumb Code   158  fopen.o(.text)
    fopen                                    0x08001773   Thumb Code    74  fopen.o(.text)
    _fclose_internal                         0x080017c1   Thumb Code    76  fclose.o(.text)
    fclose                                   0x080017c1   Thumb Code     0  fclose.o(.text)
    exit                                     0x0800180d   Thumb Code    18  exit.o(.text)
    __sig_exit                               0x0800181f   Thumb Code    10  defsig_exit.o(.text)
    __rt_SIGFPE                              0x08001829   Thumb Code    14  defsig_fpe_outer.o(.text)
    __rt_SIGRTRED                            0x08001837   Thumb Code    14  defsig_rtred_outer.o(.text)
    __rt_SIGRTMEM_inner                      0x08001845   Thumb Code    22  defsig_rtmem_inner.o(.text)
    __aeabi_memclr4                          0x08001895   Thumb Code     0  rt_memclr_w.o(.text)
    __aeabi_memclr8                          0x08001895   Thumb Code     0  rt_memclr_w.o(.text)
    __rt_memclr_w                            0x08001895   Thumb Code    78  rt_memclr_w.o(.text)
    _memset_w                                0x08001899   Thumb Code     0  rt_memclr_w.o(.text)
    strcmp                                   0x080018e5   Thumb Code   128  strcmpv7m.o(.text)
    _sys_exit                                0x08001965   Thumb Code     8  sys_exit.o(.text)
    _fseek                                   0x08001971   Thumb Code   242  fseek.o(.text)
    fseek                                    0x08001971   Thumb Code     0  fseek.o(.text)
    _seterr                                  0x08001a69   Thumb Code    20  stdio.o(.text)
    _writebuf                                0x08001a7d   Thumb Code    84  stdio.o(.text)
    _fflush                                  0x08001ad1   Thumb Code    70  stdio.o(.text)
    _deferredlazyseek                        0x08001b17   Thumb Code    60  stdio.o(.text)
    __default_signal_display                 0x08001b59   Thumb Code    50  defsig_general.o(.text)
    __rt_SIGFPE_inner                        0x08001b8d   Thumb Code    62  defsig_fpe_inner.o(.text)
    __rt_SIGRTRED_inner                      0x08001c39   Thumb Code    14  defsig_rtred_inner.o(.text)
    strlen                                   0x08001c6d   Thumb Code    62  strlen.o(.text)
    _ttywrch                                 0x08001cab   Thumb Code    14  sys_wrch.o(.text)
    _ftell_internal                          0x08001cb9   Thumb Code    66  ftell.o(.text)
    ftell                                    0x08001cb9   Thumb Code     0  ftell.o(.text)
    _btod_d2e                                0x08001cfb   Thumb Code    62  btod.o(CL$$btod_d2e)
    _d2e_denorm_low                          0x08001d39   Thumb Code    70  btod.o(CL$$btod_d2e_denorm_low)
    _d2e_norm_op1                            0x08001d7f   Thumb Code    96  btod.o(CL$$btod_d2e_norm_op1)
    __btod_div_common                        0x08001ddf   Thumb Code   696  btod.o(CL$$btod_div_common)
    _e2e                                     0x08002117   Thumb Code   220  btod.o(CL$$btod_e2e)
    _btod_ediv                               0x080021f3   Thumb Code    42  btod.o(CL$$btod_ediv)
    _btod_emul                               0x0800221d   Thumb Code    42  btod.o(CL$$btod_emul)
    __btod_mult_common                       0x08002247   Thumb Code   580  btod.o(CL$$btod_mult_common)
    __ARM_fpclassify                         0x0800248b   Thumb Code    48  fpclassify.o(i.__ARM_fpclassify)
    __hardfp_sqrt                            0x080024bb   Thumb Code   122  sqrt_full.o(i.__hardfp_sqrt)
    _get_lc_numeric                          0x08002535   Thumb Code    44  lc_numeric_c.o(locale$$code)
    Example_asm                              0x08002561   Thumb Code     0  assembly.o(text)
    asm_math                                 0x08002565   Thumb Code     0  assembly.o(text)
    __aeabi_d2f                              0x08002611   Thumb Code     0  d2f_clz.o(x$fpl$d2f)
    _d2f                                     0x08002611   Thumb Code   700  d2f_clz.o(x$fpl$d2f)
    __dflt_normalise                         0x080028d5   Thumb Code    26  dflt_clz.o(x$fpl$dfltn)
    __fpl_dnaninf                            0x080028ef   Thumb Code   258  dnaninf.o(x$fpl$dnaninf)
    __fpl_drenorm2                           0x080029f1   Thumb Code   106  drenorm_clz.o(x$fpl$drenorm)
    __fpl_drenorm1                           0x08002a5b   Thumb Code     6  drenorm_clz.o(x$fpl$drenorm)
    __fpl_dretinf                            0x08002a61   Thumb Code    12  dretinf.o(x$fpl$dretinf)
    _dsqrt                                   0x08002a6d   Thumb Code   520  dsqrt_umaalclz.o(x$fpl$dsqrt)
    __dunder                                 0x08002c75   Thumb Code   314  dunder_clz.o(x$fpl$dunder)
    __dunder_d                               0x08002daf   Thumb Code    64  dunder_clz.o(x$fpl$dunder)
    __fpl_exception                          0x08002df1   Thumb Code   454  except.o(x$fpl$exception)
    __aeabi_f2d                              0x08002fdd   Thumb Code     0  f2d.o(x$fpl$f2d)
    _f2d                                     0x08002fdd   Thumb Code   122  f2d.o(x$fpl$f2d)
    __fpl_fnaninf                            0x08003057   Thumb Code   242  fnaninf.o(x$fpl$fnaninf)
    _fp_init                                 0x08003149   Thumb Code    10  fpinit.o(x$fpl$fpinit)
    __fplib_config_fpu_vfp                   0x08003151   Thumb Code     0  fpinit.o(x$fpl$fpinit)
    __fplib_config_pureend_doubles           0x08003151   Thumb Code     0  fpinit.o(x$fpl$fpinit)
    __fpl_fretinf                            0x08003153   Thumb Code    10  fretinf.o(x$fpl$fretinf)
    __funder                                 0x0800315d   Thumb Code   254  funder_clz.o(x$fpl$funder)
    __funder_d                               0x0800325b   Thumb Code    62  funder_clz.o(x$fpl$funder)
    __ieee_status                            0x08003299   Thumb Code    28  istatus.o(x$fpl$ieeestatus)
    _printf_fp_dec                           0x080032b9   Thumb Code     4  printf1.o(x$fpl$printf1)
    __fpl_return_NaN                         0x080032bd   Thumb Code   178  retnan.o(x$fpl$retnan)
    _fp_trapveneer                           0x0800336f   Thumb Code    36  trapv.o(x$fpl$trapveneer)
    __fpl_cmpreturn                          0x08003393   Thumb Code    90  trapv.o(x$fpl$trapveneer)
    __I$use$fp                               0x080033ec   Number         0  usenofp.o(x$fpl$usenofp)
    AHBPrescTable                            0x08003400   Data          16  system_stm32f4xx.o(.constdata)
    APBPrescTable                            0x08003410   Data           8  system_stm32f4xx.o(.constdata)
    __stdin_name                             0x080034ac   Data           4  sys_io.o(.constdata)
    __stdout_name                            0x080034b0   Data           4  sys_io.o(.constdata)
    __stderr_name                            0x080034b4   Data           4  sys_io.o(.constdata)
    Region$$Table$$Base                      0x080034fc   Number         0  anon$$obj.o(Region$$Table)
    Region$$Table$$Limit                     0x0800351c   Number         0  anon$$obj.o(Region$$Table)
    SystemCoreClock                          0x20000004   Data           4  system_stm32f4xx.o(.data)
    __aeabi_stdin                            0x20000008   Data           4  stdio_streams.o(.data)
    __aeabi_stdout                           0x2000000c   Data           4  stdio_streams.o(.data)
    __aeabi_stderr                           0x20000010   Data           4  stdio_streams.o(.data)
    _random_number_data                      0x20000028   Data         228  rand.o(.bss)
    __stdin                                  0x2000010c   Data          84  stdio_streams.o(.bss)
    __stdout                                 0x20000160   Data          84  stdio_streams.o(.bss)
    __stderr                                 0x200001b4   Data          84  stdio_streams.o(.bss)
    __libspace_start                         0x20000208   Data          96  libspace.o(.bss)
    __temporary_stack_top$libspace           0x20000268   Data           0  libspace.o(.bss)



==============================================================================

Memory Map of the image

  Image Entry point : 0x08000189

  Load Region LR_IROM1 (Base: 0x08000000, Size: 0x0000354c, Max: 0x00100000, ABSOLUTE)

    Execution Region ER_IROM1 (Exec base: 0x08000000, Load base: 0x08000000, Size: 0x00003538, Max: 0x00100000, ABSOLUTE)

    Exec Addr    Load Addr    Size         Type   Attr      Idx    E Section Name        Object

    0x08000000   0x08000000   0x00000188   Data   RO          108    RESET               startup_stm32f407xx.o
    0x08000188   0x08000188   0x00000008   Code   RO          344  * !!!main             c_w.l(__main.o)
    0x08000190   0x08000190   0x00000034   Code   RO          705    !!!scatter          c_w.l(__scatter.o)
    0x080001c4   0x080001c4   0x0000001a   Code   RO          707    !!handler_copy      c_w.l(__scatter_copy.o)
    0x080001de   0x080001de   0x00000002   PAD
    0x080001e0   0x080001e0   0x0000001c   Code   RO          709    !!handler_zi        c_w.l(__scatter_zi.o)
    0x080001fc   0x080001fc   0x00000000   Code   RO          334    .ARM.Collect$$_printf_percent$$00000000  c_w.l(_printf_percent.o)
    0x080001fc   0x080001fc   0x00000006   Code   RO          333    .ARM.Collect$$_printf_percent$$00000003  c_w.l(_printf_f.o)
    0x08000202   0x08000202   0x00000004   Code   RO          401    .ARM.Collect$$_printf_percent$$00000017  c_w.l(_printf_percent_end.o)
    0x08000206   0x08000206   0x00000002   Code   RO          636    .ARM.Collect$$libinit$$00000000  c_w.l(libinit.o)
    0x08000208   0x08000208   0x00000004   Code   RO          410    .ARM.Collect$$libinit$$00000001  c_w.l(libinit2.o)
    0x0800020c   0x0800020c   0x00000000   Code   RO          413    .ARM.Collect$$libinit$$00000004  c_w.l(libinit2.o)
    0x0800020c   0x0800020c   0x00000008   Code   RO          414    .ARM.Collect$$libinit$$00000005  c_w.l(libinit2.o)
    0x08000214   0x08000214   0x00000000   Code   RO          416    .ARM.Collect$$libinit$$0000000A  c_w.l(libinit2.o)
    0x08000214   0x08000214   0x00000000   Code   RO          418    .ARM.Collect$$libinit$$0000000C  c_w.l(libinit2.o)
    0x08000214   0x08000214   0x00000004   Code   RO          419    .ARM.Collect$$libinit$$0000000D  c_w.l(libinit2.o)
    0x08000218   0x08000218   0x00000000   Code   RO          420    .ARM.Collect$$libinit$$0000000E  c_w.l(libinit2.o)
    0x08000218   0x08000218   0x00000006   Code   RO          421    .ARM.Collect$$libinit$$0000000F  c_w.l(libinit2.o)
    0x0800021e   0x0800021e   0x00000000   Code   RO          423    .ARM.Collect$$libinit$$00000011  c_w.l(libinit2.o)
    0x0800021e   0x0800021e   0x00000000   Code   RO          425    .ARM.Collect$$libinit$$00000013  c_w.l(libinit2.o)
    0x0800021e   0x0800021e   0x00000000   Code   RO          427    .ARM.Collect$$libinit$$00000015  c_w.l(libinit2.o)
    0x0800021e   0x0800021e   0x0000000a   Code   RO          428    .ARM.Collect$$libinit$$00000016  c_w.l(libinit2.o)
    0x08000228   0x08000228   0x00000000   Code   RO          429    .ARM.Collect$$libinit$$00000017  c_w.l(libinit2.o)
    0x08000228   0x08000228   0x00000000   Code   RO          431    .ARM.Collect$$libinit$$00000019  c_w.l(libinit2.o)
    0x08000228   0x08000228   0x00000000   Code   RO          433    .ARM.Collect$$libinit$$0000001B  c_w.l(libinit2.o)
    0x08000228   0x08000228   0x00000000   Code   RO          435    .ARM.Collect$$libinit$$0000001D  c_w.l(libinit2.o)
    0x08000228   0x08000228   0x00000000   Code   RO          437    .ARM.Collect$$libinit$$0000001F  c_w.l(libinit2.o)
    0x08000228   0x08000228   0x00000000   Code   RO          439    .ARM.Collect$$libinit$$00000021  c_w.l(libinit2.o)
    0x08000228   0x08000228   0x00000000   Code   RO          441    .ARM.Collect$$libinit$$00000023  c_w.l(libinit2.o)
    0x08000228   0x08000228   0x00000004   Code   RO          442    .ARM.Collect$$libinit$$00000024  c_w.l(libinit2.o)
    0x0800022c   0x0800022c   0x00000000   Code   RO          443    .ARM.Collect$$libinit$$00000025  c_w.l(libinit2.o)
    0x0800022c   0x0800022c   0x00000000   Code   RO          447    .ARM.Collect$$libinit$$0000002C  c_w.l(libinit2.o)
    0x0800022c   0x0800022c   0x00000000   Code   RO          449    .ARM.Collect$$libinit$$0000002E  c_w.l(libinit2.o)
    0x0800022c   0x0800022c   0x00000000   Code   RO          451    .ARM.Collect$$libinit$$00000030  c_w.l(libinit2.o)
    0x0800022c   0x0800022c   0x00000000   Code   RO          453    .ARM.Collect$$libinit$$00000032  c_w.l(libinit2.o)
    0x0800022c   0x0800022c   0x00000002   Code   RO          454    .ARM.Collect$$libinit$$00000033  c_w.l(libinit2.o)
    0x0800022e   0x0800022e   0x00000002   Code   RO          702    .ARM.Collect$$libshutdown$$00000000  c_w.l(libshutdown.o)
    0x08000230   0x08000230   0x00000000   Code   RO          638    .ARM.Collect$$libshutdown$$00000002  c_w.l(libshutdown2.o)
    0x08000230   0x08000230   0x00000004   Code   RO          639    .ARM.Collect$$libshutdown$$00000003  c_w.l(libshutdown2.o)
    0x08000234   0x08000234   0x00000000   Code   RO          640    .ARM.Collect$$libshutdown$$00000004  c_w.l(libshutdown2.o)
    0x08000234   0x08000234   0x00000000   Code   RO          643    .ARM.Collect$$libshutdown$$00000007  c_w.l(libshutdown2.o)
    0x08000234   0x08000234   0x00000000   Code   RO          646    .ARM.Collect$$libshutdown$$0000000A  c_w.l(libshutdown2.o)
    0x08000234   0x08000234   0x00000000   Code   RO          648    .ARM.Collect$$libshutdown$$0000000C  c_w.l(libshutdown2.o)
    0x08000234   0x08000234   0x00000000   Code   RO          651    .ARM.Collect$$libshutdown$$0000000F  c_w.l(libshutdown2.o)
    0x08000234   0x08000234   0x00000002   Code   RO          652    .ARM.Collect$$libshutdown$$00000010  c_w.l(libshutdown2.o)
    0x08000236   0x08000236   0x00000000   Code   RO          369    .ARM.Collect$$rtentry$$00000000  c_w.l(__rtentry.o)
    0x08000236   0x08000236   0x00000000   Code   RO          486    .ARM.Collect$$rtentry$$00000002  c_w.l(__rtentry2.o)
    0x08000236   0x08000236   0x00000006   Code   RO          498    .ARM.Collect$$rtentry$$00000004  c_w.l(__rtentry4.o)
    0x0800023c   0x0800023c   0x00000000   Code   RO          488    .ARM.Collect$$rtentry$$00000009  c_w.l(__rtentry2.o)
    0x0800023c   0x0800023c   0x00000004   Code   RO          489    .ARM.Collect$$rtentry$$0000000A  c_w.l(__rtentry2.o)
    0x08000240   0x08000240   0x00000000   Code   RO          491    .ARM.Collect$$rtentry$$0000000C  c_w.l(__rtentry2.o)
    0x08000240   0x08000240   0x00000008   Code   RO          492    .ARM.Collect$$rtentry$$0000000D  c_w.l(__rtentry2.o)
    0x08000248   0x08000248   0x00000002   Code   RO          655    .ARM.Collect$$rtexit$$00000000  c_w.l(rtexit.o)
    0x0800024a   0x0800024a   0x00000000   Code   RO          678    .ARM.Collect$$rtexit$$00000002  c_w.l(rtexit2.o)
    0x0800024a   0x0800024a   0x00000004   Code   RO          679    .ARM.Collect$$rtexit$$00000003  c_w.l(rtexit2.o)
    0x0800024e   0x0800024e   0x00000006   Code   RO          680    .ARM.Collect$$rtexit$$00000004  c_w.l(rtexit2.o)
    0x08000254   0x08000254   0x00000034   Code   RO          335    .emb_text           c_w.l(rand.o)
    0x08000288   0x08000288   0x00000000   Code   RO          512    .emb_text           c_w.l(maybetermalloc1.o)
    0x08000288   0x08000288   0x00000454   Code   RO            4    .text               main.o
    0x080006dc   0x080006dc   0x00000038   Code   RO           78    .text               fput_debug.o
    0x08000714   0x08000714   0x00000040   Code   RO          109    .text               startup_stm32f407xx.o
    0x08000754   0x08000754   0x00000120   Code   RO          116    .text               system_stm32f4xx.o
    0x08000874   0x08000874   0x000000d8   Code   RO          147    .text               arm_cortexM4lf_math.lib(arm_max_f32.o)
    0x0800094c   0x0800094c   0x000000d8   Code   RO          193    .text               arm_cortexM4lf_math.lib(arm_min_f32.o)
    0x08000a24   0x08000a24   0x000000ec   Code   RO          217    .text               arm_cortexM4lf_math.lib(arm_rms_f32.o)
    0x08000b10   0x08000b10   0x00000012   Code   RO          243    .text               c_w.l(sys_time.o)
    0x08000b22   0x08000b22   0x0000005e   Code   RO          249    .text               c_w.l(h1_alloc.o)
    0x08000b80   0x08000b80   0x0000004e   Code   RO          251    .text               c_w.l(h1_free.o)
    0x08000bce   0x08000bce   0x00000002   PAD
    0x08000bd0   0x08000bd0   0x00000018   Code   RO          309    .text               c_w.l(noretval__2printf.o)
    0x08000be8   0x08000be8   0x00000068   Code   RO          311    .text               c_w.l(__printf.o)
    0x08000c50   0x08000c50   0x0000003c   Code   RO          336    .text               c_w.l(rand.o)
    0x08000c8c   0x08000c8c   0x00000064   Code   RO          340    .text               c_w.l(rt_memcpy_w.o)
    0x08000cf0   0x08000cf0   0x00000006   Code   RO          342    .text               c_w.l(heapauxi.o)
    0x08000cf6   0x08000cf6   0x00000002   Code   RO          364    .text               c_w.l(use_no_semi.o)
    0x08000cf8   0x08000cf8   0x00000000   Code   RO          368    .text               c_w.l(indicate_semi.o)
    0x08000cf8   0x08000cf8   0x00000008   Code   RO          373    .text               c_w.l(rt_heap_descriptor_intlibspace.o)
    0x08000d00   0x08000d00   0x00000004   Code   RO          375    .text               c_w.l(hguard.o)
    0x08000d04   0x08000d04   0x0000008a   Code   RO          377    .text               c_w.l(init_alloc.o)
    0x08000d8e   0x08000d8e   0x0000000e   Code   RO          381    .text               c_w.l(h1_init.o)
    0x08000d9c   0x08000d9c   0x00000016   Code   RO          395    .text               c_w.l(_rserrno.o)
    0x08000db2   0x08000db2   0x0000041e   Code   RO          397    .text               c_w.l(_printf_fp_dec.o)
    0x080011d0   0x080011d0   0x00000024   Code   RO          399    .text               c_w.l(_printf_char_file.o)
    0x080011f4   0x080011f4   0x00000008   Code   RO          482    .text               c_w.l(libspace.o)
    0x080011fc   0x080011fc   0x00000008   Code   RO          503    .text               c_w.l(rt_locale_intlibspace.o)
    0x08001204   0x08001204   0x00000008   Code   RO          508    .text               c_w.l(rt_errno_addr_intlibspace.o)
    0x0800120c   0x0800120c   0x00000034   Code   RO          514    .text               c_w.l(h1_extend.o)
    0x08001240   0x08001240   0x0000008a   Code   RO          518    .text               c_w.l(lludiv10.o)
    0x080012ca   0x080012ca   0x00000002   PAD
    0x080012cc   0x080012cc   0x00000030   Code   RO          520    .text               c_w.l(_fptrap.o)
    0x080012fc   0x080012fc   0x00000030   Code   RO          522    .text               c_w.l(_printf_char_common.o)
    0x0800132c   0x0800132c   0x00000080   Code   RO          524    .text               c_w.l(_printf_fp_infnan.o)
    0x080013ac   0x080013ac   0x000000e4   Code   RO          526    .text               c_w.l(bigflt0.o)
    0x08001490   0x08001490   0x00000008   Code   RO          551    .text               c_w.l(ferror.o)
    0x08001498   0x08001498   0x00000138   Code   RO          553    .text               c_w.l(initio.o)
    0x080015d0   0x080015d0   0x0000000e   Code   RO          562    .text               c_w.l(defsig_rtmem_outer.o)
    0x080015de   0x080015de   0x00000066   Code   RO          585    .text               c_w.l(sys_io.o)
    0x08001644   0x08001644   0x0000004a   Code   RO          590    .text               c_w.l(sys_stackheap_outer.o)
    0x0800168e   0x0800168e   0x00000046   Code   RO          598    .text               c_w.l(setvbuf.o)
    0x080016d4   0x080016d4   0x000000ec   Code   RO          601    .text               c_w.l(fopen.o)
    0x080017c0   0x080017c0   0x0000004c   Code   RO          603    .text               c_w.l(fclose.o)
    0x0800180c   0x0800180c   0x00000012   Code   RO          609    .text               c_w.l(exit.o)
    0x0800181e   0x0800181e   0x0000000a   Code   RO          611    .text               c_w.l(defsig_exit.o)
    0x08001828   0x08001828   0x0000000e   Code   RO          613    .text               c_w.l(defsig_fpe_outer.o)
    0x08001836   0x08001836   0x0000000e   Code   RO          617    .text               c_w.l(defsig_rtred_outer.o)
    0x08001844   0x08001844   0x00000050   Code   RO          621    .text               c_w.l(defsig_rtmem_inner.o)
    0x08001894   0x08001894   0x0000004e   Code   RO          623    .text               c_w.l(rt_memclr_w.o)
    0x080018e2   0x080018e2   0x00000002   PAD
    0x080018e4   0x080018e4   0x00000080   Code   RO          625    .text               c_w.l(strcmpv7m.o)
    0x08001964   0x08001964   0x0000000c   Code   RO          653    .text               c_w.l(sys_exit.o)
    0x08001970   0x08001970   0x000000f8   Code   RO          661    .text               c_w.l(fseek.o)
    0x08001a68   0x08001a68   0x000000f0   Code   RO          663    .text               c_w.l(stdio.o)
    0x08001b58   0x08001b58   0x00000032   Code   RO          667    .text               c_w.l(defsig_general.o)
    0x08001b8a   0x08001b8a   0x00000002   PAD
    0x08001b8c   0x08001b8c   0x000000ac   Code   RO          669    .text               c_w.l(defsig_fpe_inner.o)
    0x08001c38   0x08001c38   0x00000034   Code   RO          671    .text               c_w.l(defsig_rtred_inner.o)
    0x08001c6c   0x08001c6c   0x0000003e   Code   RO          673    .text               c_w.l(strlen.o)
    0x08001caa   0x08001caa   0x0000000e   Code   RO          675    .text               c_w.l(sys_wrch.o)
    0x08001cb8   0x08001cb8   0x00000042   Code   RO          684    .text               c_w.l(ftell.o)
    0x08001cfa   0x08001cfa   0x0000003e   Code   RO          529    CL$$btod_d2e        c_w.l(btod.o)
    0x08001d38   0x08001d38   0x00000046   Code   RO          531    CL$$btod_d2e_denorm_low  c_w.l(btod.o)
    0x08001d7e   0x08001d7e   0x00000060   Code   RO          530    CL$$btod_d2e_norm_op1  c_w.l(btod.o)
    0x08001dde   0x08001dde   0x00000338   Code   RO          539    CL$$btod_div_common  c_w.l(btod.o)
    0x08002116   0x08002116   0x000000dc   Code   RO          536    CL$$btod_e2e        c_w.l(btod.o)
    0x080021f2   0x080021f2   0x0000002a   Code   RO          533    CL$$btod_ediv       c_w.l(btod.o)
    0x0800221c   0x0800221c   0x0000002a   Code   RO          532    CL$$btod_emul       c_w.l(btod.o)
    0x08002246   0x08002246   0x00000244   Code   RO          538    CL$$btod_mult_common  c_w.l(btod.o)
    0x0800248a   0x0800248a   0x00000030   Code   RO          583    i.__ARM_fpclassify  m_wm.l(fpclassify.o)
    0x080024ba   0x080024ba   0x0000007a   Code   RO          352    i.__hardfp_sqrt     m_wm.l(sqrt_full.o)
    0x08002534   0x08002534   0x0000002c   Code   RO          560    locale$$code        c_w.l(lc_numeric_c.o)
    0x08002560   0x08002560   0x000000ae   Code   RO           72    text                assembly.o
    0x0800260e   0x0800260e   0x00000002   PAD
    0x08002610   0x08002610   0x000002c4   Code   RO          346    x$fpl$d2f           g_wm.l(d2f_clz.o)
    0x080028d4   0x080028d4   0x0000001a   Code   RO          457    x$fpl$dfltn         g_wm.l(dflt_clz.o)
    0x080028ee   0x080028ee   0x00000102   Code   RO          463    x$fpl$dnaninf       g_wm.l(dnaninf.o)
    0x080029f0   0x080029f0   0x00000070   Code   RO          573    x$fpl$drenorm       g_wm.l(drenorm_clz.o)
    0x08002a60   0x08002a60   0x0000000c   Code   RO          465    x$fpl$dretinf       g_wm.l(dretinf.o)
    0x08002a6c   0x08002a6c   0x00000208   Code   RO          467    x$fpl$dsqrt         g_wm.l(dsqrt_umaalclz.o)
    0x08002c74   0x08002c74   0x0000017a   Code   RO          575    x$fpl$dunder        g_wm.l(dunder_clz.o)
    0x08002dee   0x08002dee   0x00000002   PAD
    0x08002df0   0x08002df0   0x000001ec   Code   RO          469    x$fpl$exception     g_wm.l(except.o)
    0x08002fdc   0x08002fdc   0x0000007a   Code   RO          348    x$fpl$f2d           g_wm.l(f2d.o)
    0x08003056   0x08003056   0x000000f2   Code   RO          471    x$fpl$fnaninf       g_wm.l(fnaninf.o)
    0x08003148   0x08003148   0x0000000a   Code   RO          577    x$fpl$fpinit        g_wm.l(fpinit.o)
    0x08003152   0x08003152   0x0000000a   Code   RO          473    x$fpl$fretinf       g_wm.l(fretinf.o)
    0x0800315c   0x0800315c   0x0000013c   Code   RO          475    x$fpl$funder        g_wm.l(funder_clz.o)
    0x08003298   0x08003298   0x00000020   Code   RO          579    x$fpl$ieeestatus    g_wm.l(istatus.o)
    0x080032b8   0x080032b8   0x00000004   Code   RO          350    x$fpl$printf1       g_wm.l(printf1.o)
    0x080032bc   0x080032bc   0x000000b2   Code   RO          581    x$fpl$retnan        g_wm.l(retnan.o)
    0x0800336e   0x0800336e   0x0000007e   Code   RO          477    x$fpl$trapveneer    g_wm.l(trapv.o)
    0x080033ec   0x080033ec   0x00000000   Code   RO          479    x$fpl$usenofp       g_wm.l(usenofp.o)
    0x080033ec   0x080033ec   0x00000014   Data   RO            6    .constdata          main.o
    0x08003400   0x08003400   0x00000018   Data   RO          117    .constdata          system_stm32f4xx.o
    0x08003418   0x08003418   0x00000094   Data   RO          527    .constdata          c_w.l(bigflt0.o)
    0x080034ac   0x080034ac   0x00000004   Data   RO          586    .constdata          c_w.l(sys_io.o)
    0x080034b0   0x080034b0   0x00000004   Data   RO          587    .constdata          c_w.l(sys_io.o)
    0x080034b4   0x080034b4   0x00000004   Data   RO          588    .constdata          c_w.l(sys_io.o)
    0x080034b8   0x080034b8   0x00000041   Data   RO            7    .conststring        main.o
    0x080034f9   0x080034f9   0x00000003   PAD
    0x080034fc   0x080034fc   0x00000020   Data   RO          703    Region$$Table       anon$$obj.o
    0x0800351c   0x0800351c   0x0000001c   Data   RO          559    locale$$data        c_w.l(lc_numeric_c.o)


    Execution Region RW_IRAM1 (Exec base: 0x20000000, Load base: 0x08003538, Size: 0x00000868, Max: 0x00020000, ABSOLUTE)

    Exec Addr    Load Addr    Size         Type   Attr      Idx    E Section Name        Object

    0x20000000   0x08003538   0x00000004   Data   RW            8    .data               main.o
    0x20000004   0x0800353c   0x00000004   Data   RW          118    .data               system_stm32f4xx.o
    0x20000008   0x08003540   0x00000004   Data   RW          405    .data               c_w.l(stdio_streams.o)
    0x2000000c   0x08003544   0x00000004   Data   RW          406    .data               c_w.l(stdio_streams.o)
    0x20000010   0x08003548   0x00000004   Data   RW          407    .data               c_w.l(stdio_streams.o)
    0x20000014        -       0x00000014   Zero   RW            5    .bss                main.o
    0x20000028        -       0x000000e4   Zero   RW          337    .bss                c_w.l(rand.o)
    0x2000010c        -       0x00000054   Zero   RW          402    .bss                c_w.l(stdio_streams.o)
    0x20000160        -       0x00000054   Zero   RW          403    .bss                c_w.l(stdio_streams.o)
    0x200001b4        -       0x00000054   Zero   RW          404    .bss                c_w.l(stdio_streams.o)
    0x20000208        -       0x00000060   Zero   RW          483    .bss                c_w.l(libspace.o)
    0x20000268        -       0x00000200   Zero   RW          107    HEAP                startup_stm32f407xx.o
    0x20000468        -       0x00000400   Zero   RW          106    STACK               startup_stm32f407xx.o


==============================================================================

Image component sizes


      Code (inc. data)   RO Data    RW Data    ZI Data      Debug   Object Name

       174          0          0          0          0        292   assembly.o
        56          4          0          0          0      30367   fput_debug.o
      1108         46         85          4         20     572563   main.o
        64         26        392          0       1536        892   startup_stm32f407xx.o
       288         32         24          4          0       1801   system_stm32f4xx.o

    ----------------------------------------------------------------------
      1692        108        536          8       1556     605915   Object Totals
         0          0         32          0          0          0   (incl. Generated)
         2          0          3          0          0          0   (incl. Padding)

    ----------------------------------------------------------------------

      Code (inc. data)   RO Data    RW Data    ZI Data      Debug   Library Member Name

       216          0          0          0          0      18166   arm_max_f32.o
       216          0          0          0          0       1742   arm_min_f32.o
       236          4          0          0          0      14626   arm_rms_f32.o
         8          0          0          0          0         68   __main.o
       104          0          0          0          0         84   __printf.o
         0          0          0          0          0          0   __rtentry.o
        12          0          0          0          0          0   __rtentry2.o
         6          0          0          0          0          0   __rtentry4.o
        52          8          0          0          0          0   __scatter.o
        26          0          0          0          0          0   __scatter_copy.o
        28          0          0          0          0          0   __scatter_zi.o
        48          4          0          0          0         84   _fptrap.o
        48          6          0          0          0         96   _printf_char_common.o
        36          4          0          0          0         80   _printf_char_file.o
         6          0          0          0          0          0   _printf_f.o
      1054          0          0          0          0        216   _printf_fp_dec.o
       128         16          0          0          0         84   _printf_fp_infnan.o
         0          0          0          0          0          0   _printf_percent.o
         4          0          0          0          0          0   _printf_percent_end.o
        22          0          0          0          0        100   _rserrno.o
       228          4        148          0          0         96   bigflt0.o
      1936        128          0          0          0        672   btod.o
        10          0          0          0          0         68   defsig_exit.o
       172        110          0          0          0         76   defsig_fpe_inner.o
        14          0          0          0          0         80   defsig_fpe_outer.o
        50          0          0          0          0         88   defsig_general.o
        80         58          0          0          0         76   defsig_rtmem_inner.o
        14          0          0          0          0         80   defsig_rtmem_outer.o
        52         38          0          0          0         76   defsig_rtred_inner.o
        14          0          0          0          0         80   defsig_rtred_outer.o
        18          0          0          0          0         80   exit.o
        76          0          0          0          0         88   fclose.o
         8          0          0          0          0         68   ferror.o
       236          4          0          0          0        128   fopen.o
       248          6          0          0          0         84   fseek.o
        66          0          0          0          0         76   ftell.o
        94          0          0          0          0         80   h1_alloc.o
        52          0          0          0          0         68   h1_extend.o
        78          0          0          0          0         80   h1_free.o
        14          0          0          0          0         84   h1_init.o
         6          0          0          0          0        152   heapauxi.o
         4          0          0          0          0        136   hguard.o
         0          0          0          0          0          0   indicate_semi.o
       138          0          0          0          0        168   init_alloc.o
       312         46          0          0          0        112   initio.o
        44         10         28          0          0         76   lc_numeric_c.o
         2          0          0          0          0          0   libinit.o
        38          0          0          0          0          0   libinit2.o
         2          0          0          0          0          0   libshutdown.o
         6          0          0          0          0          0   libshutdown2.o
         8          4          0          0         96         68   libspace.o
       138          0          0          0          0         80   lludiv10.o
         0          0          0          0          0          0   maybetermalloc1.o
        24          4          0          0          0         84   noretval__2printf.o
       112         18          0          0        228        160   rand.o
         8          4          0          0          0         68   rt_errno_addr_intlibspace.o
         8          4          0          0          0         68   rt_heap_descriptor_intlibspace.o
         8          4          0          0          0         68   rt_locale_intlibspace.o
        78          0          0          0          0         80   rt_memclr_w.o
       100          0          0          0          0         80   rt_memcpy_w.o
         2          0          0          0          0          0   rtexit.o
        10          0          0          0          0          0   rtexit2.o
        70          0          0          0          0         80   setvbuf.o
       240          6          0          0          0        156   stdio.o
         0          0          0         12        252          0   stdio_streams.o
       128          0          0          0          0         68   strcmpv7m.o
        62          0          0          0          0         76   strlen.o
        12          4          0          0          0         68   sys_exit.o
       102          0         12          0          0        240   sys_io.o
        74          0          0          0          0         80   sys_stackheap_outer.o
        18          0          0          0          0         76   sys_time.o
        14          0          0          0          0         76   sys_wrch.o
         2          0          0          0          0         68   use_no_semi.o
       708         16          0          0          0        140   d2f_clz.o
        26          0          0          0          0        116   dflt_clz.o
       258          4          0          0          0        156   dnaninf.o
       112          0          0          0          0        160   drenorm_clz.o
        12          0          0          0          0        116   dretinf.o
       520         56          0          0          0        180   dsqrt_umaalclz.o
       378          0          0          0          0        168   dunder_clz.o
       492         36          0          0          0        148   except.o
       122          8          0          0          0        132   f2d.o
       242          4          0          0          0        144   fnaninf.o
        10          0          0          0          0        116   fpinit.o
        10          0          0          0          0        116   fretinf.o
       316          0          0          0          0        132   funder_clz.o
        32          4          0          0          0        116   istatus.o
         4          0          0          0          0        116   printf1.o
       178          0          0          0          0        116   retnan.o
       126          0          0          0          0        148   trapv.o
         0          0          0          0          0          0   usenofp.o
        48          0          0          0          0        124   fpclassify.o
       122          0          0          0          0        148   sqrt_full.o

    ----------------------------------------------------------------------
     11208        622        188         12        576      42554   Library Totals
        12          0          0          0          0          0   (incl. Padding)

    ----------------------------------------------------------------------

      Code (inc. data)   RO Data    RW Data    ZI Data      Debug   Library Name

       668          4          0          0          0      34534   arm_cortexM4lf_math.lib
      6812        490        188         12        576       5428   c_w.l
      3546        128          0          0          0       2320   g_wm.l
       170          0          0          0          0        272   m_wm.l

    ----------------------------------------------------------------------
     11208        622        188         12        576      42554   Library Totals

    ----------------------------------------------------------------------

==============================================================================


      Code (inc. data)   RO Data    RW Data    ZI Data      Debug   

     12900        730        724         20       2132     643353   Grand Totals
     12900        730        724         20       2132     643353   ELF Image Totals
     12900        730        724         20          0          0   ROM Totals

==============================================================================

    Total RO  Size (Code + RO Data)                13624 (  13.30kB)
    Total RW  Size (RW Data + ZI Data)              2152 (   2.10kB)
    Total ROM Size (Code + RO Data + RW Data)      13644 (  13.32kB)

==============================================================================

